// Jest Snapshot v1, https://goo.gl/fbAQLP

exports[`UploadDialog.vue should match snapshot 1`] = `<div role="dialog" class="v-dialog__container" id="dialog"></div>`;
